Microsoft Windows [Version 10.0.18362.657]
(c) 2019 Microsoft Corporation. All rights reserved.

C:\Users\xingyi.low>cd C:\Users\xingyi.low\Desktop\Python\HRBP Metrics

C:\Users\xingyi.low\Desktop\Python\HRBP Metrics>git log --oneline
94f22af (HEAD -> Branch-2, origin/master) Merge pull request #1 from lowxingyishopee/Branch-2
0d94eb8 (origin/Branch-2) commit
b31a64f Merge https://github.com/lowxingyishopee/HRBP-Metrics into Branch-2
6b77661 Initial commit
9d56c22 (master) Initial commit from file

C:\Users\xingyi.low\Desktop\Python\HRBP Metrics>git status
On branch Branch-2
Changes not staged for commit:
  (use "git add <file>..." to update what will be committed)
  (use "git restore <file>..." to discard changes in working directory)
        modified:   Dept Span of Control.ipynb

no changes added to commit (use "git add" and/or "git commit -a")

C:\Users\xingyi.low\Desktop\Python\HRBP Metrics>git commit -a
warning: LF will be replaced by CRLF in Dept Span of Control.ipynb.
The file will have its original line endings in your working directory
hint: Waiting for your editor to close the file...
 Attempting to call a function in a renderer window that has been closed or released.
Function provided here: Object.<anonymous> (C:\Users\xingyi.low\AppData\Local\atom\app-1.45.0\resources\app.asar\node_modules\github\lib\worker.js:79:22
Remote event names: destroyed, crashed
[Branch-2 482054f] added new things
 1 file changed, 24 insertions(+)

C:\Users\xingyi.low\Desktop\Python\HRBP Metrics>git status
On branch Branch-2
nothing to commit, working tree clean


C:\Users\xingyi.low\Desktop\Python\HRBP Metrics>git checkout master
warning: unable to rmdir 'HRBP-Metrics': Directory not empty
Switched to branch 'master'

C:\Users\xingyi.low\Desktop\Python\HRBP Metrics>git cherry-pick 6b77661
[master 0b28c92] Initial commit
 Date: Wed Mar 11 17:05:47 2020 +0800
 1 file changed, 1 insertion(+)
 create mode 100644 README.md

C:\Users\xingyi.low\Desktop\Python\HRBP Metrics>git checkout Branch-2
Switched to branch 'Branch-2'

C:\Users\xingyi.low\Desktop\Python\HRBP Metrics>git show-branch
* [Branch-2] added new things
 ! [master] Initial commit
--
 + [master] Initial commit
*  [Branch-2] added new things
*  [Branch-2^^2] commit
*  [Branch-2^^2^^2] Initial commit
*+ [master^] Initial commit from file

C:\Users\xingyi.low\Desktop\Python\HRBP Metrics>git checkout master
warning: unable to rmdir 'HRBP-Metrics': Directory not empty
Switched to branch 'master'

C:\Users\xingyi.low\Desktop\Python\HRBP Metrics>git merge Branch-2
Merge made by the 'recursive' strategy.
 Dept Span of Control.ipynb | 24 ++++++++++++++++++++++++
 HRBP-Metrics               |  1 +
 2 files changed, 25 insertions(+)
 create mode 160000 HRBP-Metrics

C:\Users\xingyi.low\Desktop\Python\HRBP Metrics>git branch -d Branch-2
Deleted branch Branch-2 (was 482054f).

C:\Users\xingyi.low\Desktop\Python\HRBP Metrics>git status
On branch master
nothing to commit, working tree clean

C:\Users\xingyi.low\Desktop\Python\HRBP Metrics>git log --oneline
3b78adf (HEAD -> master) Merge branch 'Branch-2'
0b28c92 Initial commit
482054f added new things
94f22af (origin/master) Merge pull request #1 from lowxingyishopee/Branch-2
0d94eb8 (origin/Branch-2) commit
b31a64f Merge https://github.com/lowxingyishopee/HRBP-Metrics into Branch-2
6b77661 Initial commit
9d56c22 Initial commit from file

C:\Users\xingyi.low\Desktop\Python\HRBP Metrics>git show-branch
[master] Merge branch 'Branch-2'

C:\Users\xingyi.low\Desktop\Python\HRBP Metrics>git remote add origin https://github.com/lowxingyishopee/HRBP-Metrics
fatal: remote origin already exists.

C:\Users\xingyi.low\Desktop\Python\HRBP Metrics>git push -u origin master
Enumerating objects: 10, done.
Counting objects: 100% (9/9), done.
Delta compression using up to 8 threads
Compressing objects: 100% (6/6), done.
Writing objects: 100% (6/6), 727 bytes | 727.00 KiB/s, done.
Total 6 (delta 4), reused 0 (delta 0)
remote: Resolving deltas: 100% (4/4), completed with 2 local objects.
To https://github.com/lowxingyishopee/HRBP-Metrics.git
   94f22af..3b78adf  master -> master
Branch 'master' set up to track remote branch 'master' from 'origin'.

C:\Users\xingyi.low\Desktop\Python\HRBP Metrics>git branch -r
  origin/Branch-2
  origin/master

C:\Users\xingyi.low\Desktop\Python\HRBP Metrics>git pull origin master
remote: Enumerating objects: 5, done.
remote: Counting objects: 100% (5/5), done.
remote: Compressing objects: 100% (2/2), done.
remote: Total 3 (delta 1), reused 0 (delta 0), pack-reused 0
Unpacking objects: 100% (3/3), 682 bytes | 68.00 KiB/s, done.
From https://github.com/lowxingyishopee/HRBP-Metrics
 * branch            master     -> FETCH_HEAD
   3b78adf..4e5a109  master     -> origin/master
Updating 3b78adf..4e5a109
Fast-forward
 README.md | 5 ++++-
 1 file changed, 4 insertions(+), 1 deletion(-)

C:\Users\xingyi.low\Desktop\Python\HRBP Metrics>